
> QEdit@1.0.0 test C:\Users\andyj\Documents\GitHub\QEdit
> jest

No tests found, exiting with code 1
Run with `--passWithNoTests` to exit with code 0
In C:\Users\andyj\Documents\GitHub\QEdit
  25 files checked.
  testMatch: **/__tests__/**/*.[jt]s?(x), **/?(*.)+(spec|test).[tj]s?(x) - 0 matches
  testPathIgnorePatterns: \\node_modules\\ - 25 matches
  testRegex:  - 0 matches
Pattern:  - 0 matches
